[dotenv@17.3.1] injecting env (4) from .env -- tip: 🤖 agentic secret storage: https://dotenvx.com/as2
Saanjh Matrimony server running on port 5001
Connected to MongoDB
null
Error: user validation failed: age: Path `age` is required., gender: Path `gender` is required.
    at ValidationError.inspect (/Users/sarthakbansal/Downloads/Simple-Matrimonial-Website-main/backend/node_modules/mongoose/lib/error/validation.js:50:26)
    at formatValue (node:internal/util/inspect:897:19)
    at inspect (node:internal/util/inspect:409:10)
    at formatWithOptionsInternal (node:internal/util/inspect:2592:40)
    at formatWithOptions (node:internal/util/inspect:2454:10)
    at console.value (node:internal/console/constructor:356:14)
    at console.error (node:internal/console/constructor:423:61)
    at /Users/sarthakbansal/Downloads/Simple-Matrimonial-Website-main/backend/routes/auth.js:244:21
    at process.processTicksAndRejections (node:internal/process/task_queues:105:5) {
  errors: {
    age: ValidatorError: Path `age` is required.
        at validate (/Users/sarthakbansal/Downloads/Simple-Matrimonial-Website-main/backend/node_modules/mongoose/lib/schematype.js:1365:13)
        at SchemaType.doValidate (/Users/sarthakbansal/Downloads/Simple-Matrimonial-Website-main/backend/node_modules/mongoose/lib/schematype.js:1349:7)
        at /Users/sarthakbansal/Downloads/Simple-Matrimonial-Website-main/backend/node_modules/mongoose/lib/document.js:2947:18
        at process.processTicksAndRejections (node:internal/process/task_queues:85:11) {
      properties: [Object],
      kind: 'required',
      path: 'age',
      value: undefined,
      reason: undefined,
      Symbol(mongoose:validatorError): true
    },
    gender: ValidatorError: Path `gender` is required.
        at validate (/Users/sarthakbansal/Downloads/Simple-Matrimonial-Website-main/backend/node_modules/mongoose/lib/schematype.js:1365:13)
        at SchemaType.doValidate (/Users/sarthakbansal/Downloads/Simple-Matrimonial-Website-main/backend/node_modules/mongoose/lib/schematype.js:1349:7)
        at /Users/sarthakbansal/Downloads/Simple-Matrimonial-Website-main/backend/node_modules/mongoose/lib/document.js:2947:18
        at process.processTicksAndRejections (node:internal/process/task_queues:85:11) {
      properties: [Object],
      kind: 'required',
      path: 'gender',
      value: undefined,
      reason: undefined,
      Symbol(mongoose:validatorError): true
    }
  },
  _message: 'user validation failed'
}
Connected to MongoDB
Connected to MongoDB
Connected to MongoDB
Connected to MongoDB
Connected to MongoDB
Connected to MongoDB
Connected to MongoDB
Connected to MongoDB
Connected to MongoDB
Connected to MongoDB
Connected to MongoDB
Connected to MongoDB
Connected to MongoDB
Connected to MongoDB
Connected to MongoDB
Connected to MongoDB
Connected to MongoDB
Connected to MongoDB
Connected to MongoDB
Connected to MongoDB
Connected to MongoDB
Connected to MongoDB
Connected to MongoDB
Connected to MongoDB
Connected to MongoDB
Connected to MongoDB
Connected to MongoDB
Connected to MongoDB
